---
source: tui/src/chatwidget/tests.rs
expression: s
---
>_
  ✓ ⌨️ echo A
  ⠋ ⌨️ echo B
