---
source: tui/src/chatwidget/tests.rs
expression: terminal.backend()
---
"                                                                                "
"The model wants to apply changes                                                "
"                                                                                "
"This will grant write access to /tmp for the remainder of this session.         "
"                                                                                "
"▌Apply changes?                                                                 "
"▌> 1. Yes                                                                       "
"▌  2. No, provide feedback                                                      "
"▌                                                                               "
"▌ Approve and apply the changes                                                 "
"                                                                                "
